[ERROR] 2025-09-09 12:35:06 - Lỗi Message Handler
	from: network.MessageHandler.onMessage(MessageHandler.java:656)
Chi tiết lỗi:
	com.mysql.jdbc.MysqlDataTruncation: Data truncation: Invalid data type for JSON data in argument 1 to function json_contains; a JSON string or JSON type is required.
	at com.mysql.jdbc.MysqlIO.checkErrorPacket(MysqlIO.java:3931)
	at com.mysql.jdbc.MysqlIO.checkErrorPacket(MysqlIO.java:3869)
	at com.mysql.jdbc.MysqlIO.sendCommand(MysqlIO.java:2524)
	at com.mysql.jdbc.MysqlIO.sqlQueryDirect(MysqlIO.java:2675)
	at com.mysql.jdbc.ConnectionImpl.execSQL(ConnectionImpl.java:2465)
	at com.mysql.jdbc.PreparedStatement.executeInternal(PreparedStatement.java:1915)
	at com.mysql.jdbc.PreparedStatement.executeQuery(PreparedStatement.java:2023)
	at com.zaxxer.hikari.pool.ProxyPreparedStatement.executeQuery(ProxyPreparedStatement.java:52)
	at com.zaxxer.hikari.pool.HikariProxyPreparedStatement.executeQuery(HikariProxyPreparedStatement.java)
	at database.HikariCP.executeQuery(HikariCP.java:60)
	at daos.PlayerDAO.deletePlayer(PlayerDAO.java:142)
	at services.LoginService.selectChar(LoginService.java:66)
	at network.MessageHandler.onMessage(MessageHandler.java:564)
	at network.Collector.run(Collector.java:53)
	at java.base/java.util.concurrent.Executors$RunnableAdapter.call(Executors.java:572)
	at java.base/java.util.concurrent.FutureTask.run(FutureTask.java:317)
	at java.base/java.lang.VirtualThread.run(VirtualThread.java:329)

[ERROR] 2025-09-09 12:36:00 - Lỗi Message Handler
	from: network.MessageHandler.onMessage(MessageHandler.java:656)
Chi tiết lỗi:
	com.mysql.jdbc.MysqlDataTruncation: Data truncation: Invalid data type for JSON data in argument 1 to function json_contains; a JSON string or JSON type is required.
	at com.mysql.jdbc.MysqlIO.checkErrorPacket(MysqlIO.java:3931)
	at com.mysql.jdbc.MysqlIO.checkErrorPacket(MysqlIO.java:3869)
	at com.mysql.jdbc.MysqlIO.sendCommand(MysqlIO.java:2524)
	at com.mysql.jdbc.MysqlIO.sqlQueryDirect(MysqlIO.java:2675)
	at com.mysql.jdbc.ConnectionImpl.execSQL(ConnectionImpl.java:2465)
	at com.mysql.jdbc.PreparedStatement.executeInternal(PreparedStatement.java:1915)
	at com.mysql.jdbc.PreparedStatement.executeQuery(PreparedStatement.java:2023)
	at com.zaxxer.hikari.pool.ProxyPreparedStatement.executeQuery(ProxyPreparedStatement.java:52)
	at com.zaxxer.hikari.pool.HikariProxyPreparedStatement.executeQuery(HikariProxyPreparedStatement.java)
	at database.HikariCP.executeQuery(HikariCP.java:60)
	at daos.PlayerDAO.deletePlayer(PlayerDAO.java:142)
	at services.LoginService.selectChar(LoginService.java:66)
	at network.MessageHandler.onMessage(MessageHandler.java:564)
	at network.Collector.run(Collector.java:53)
	at java.base/java.util.concurrent.Executors$RunnableAdapter.call(Executors.java:572)
	at java.base/java.util.concurrent.FutureTask.run(FutureTask.java:317)
	at java.base/java.lang.VirtualThread.run(VirtualThread.java:329)

[ERROR] 2025-09-09 12:36:30 - Lỗi Message Handler
	from: network.MessageHandler.onMessage(MessageHandler.java:656)
Chi tiết lỗi:
	com.mysql.jdbc.MysqlDataTruncation: Data truncation: Invalid data type for JSON data in argument 1 to function json_contains; a JSON string or JSON type is required.
	at com.mysql.jdbc.MysqlIO.checkErrorPacket(MysqlIO.java:3931)
	at com.mysql.jdbc.MysqlIO.checkErrorPacket(MysqlIO.java:3869)
	at com.mysql.jdbc.MysqlIO.sendCommand(MysqlIO.java:2524)
	at com.mysql.jdbc.MysqlIO.sqlQueryDirect(MysqlIO.java:2675)
	at com.mysql.jdbc.ConnectionImpl.execSQL(ConnectionImpl.java:2465)
	at com.mysql.jdbc.PreparedStatement.executeInternal(PreparedStatement.java:1915)
	at com.mysql.jdbc.PreparedStatement.executeQuery(PreparedStatement.java:2023)
	at com.zaxxer.hikari.pool.ProxyPreparedStatement.executeQuery(ProxyPreparedStatement.java:52)
	at com.zaxxer.hikari.pool.HikariProxyPreparedStatement.executeQuery(HikariProxyPreparedStatement.java)
	at database.HikariCP.executeQuery(HikariCP.java:60)
	at daos.PlayerDAO.deletePlayer(PlayerDAO.java:142)
	at services.LoginService.selectChar(LoginService.java:66)
	at network.MessageHandler.onMessage(MessageHandler.java:564)
	at network.Collector.run(Collector.java:53)
	at java.base/java.util.concurrent.Executors$RunnableAdapter.call(Executors.java:572)
	at java.base/java.util.concurrent.FutureTask.run(FutureTask.java:317)
	at java.base/java.lang.VirtualThread.run(VirtualThread.java:329)

